0 verbose cli /usr/local/bin/node /usr/local/bin/npm
1 info using npm@11.6.2
2 info using node@v24.11.1
3 silly config load:file:/usr/local/lib/node_modules/npm/npmrc
4 silly config load:file:/Users/kiamarulmont/antigravity/kodo-solutions-web/.npmrc
5 silly config load:file:/Users/kiamarulmont/.npmrc
6 silly config load:file:/usr/local/etc/npmrc
7 verbose title npm install @google/genai
8 verbose argv "install" "@google/genai" "--cache" ".npm-cache"
9 verbose logfile logs-max:10 dir:/Users/kiamarulmont/antigravity/kodo-solutions-web/.npm-cache/_logs/2026-06-06T17_47_16_119Z-
10 verbose logfile /Users/kiamarulmont/antigravity/kodo-solutions-web/.npm-cache/_logs/2026-06-06T17_47_16_119Z-debug-0.log
11 silly logfile done cleaning log files
12 silly packumentCache heap:2348810240 maxSize:587202560 maxEntrySize:293601280
13 silly idealTree buildDeps
14 silly fetch manifest @google/genai@*
15 silly packumentCache full:https://registry.npmjs.org/@google%2fgenai cache-miss
16 http fetch GET 200 https://registry.npmjs.org/@google%2fgenai 298ms (cache miss)
17 silly packumentCache full:https://registry.npmjs.org/@google%2fgenai set size:undefined disposed:false
18 silly fetch manifest @modelcontextprotocol/sdk@^1.25.2
19 silly packumentCache full:https://registry.npmjs.org/@modelcontextprotocol%2fsdk cache-miss
20 http fetch GET 200 https://registry.npmjs.org/@modelcontextprotocol%2fsdk 92ms (cache miss)
21 silly packumentCache full:https://registry.npmjs.org/@modelcontextprotocol%2fsdk set size:undefined disposed:false
22 silly fetch manifest @cfworker/json-schema@^4.1.1
23 silly packumentCache full:https://registry.npmjs.org/@cfworker%2fjson-schema cache-miss
24 http fetch GET 200 https://registry.npmjs.org/npm 831ms
25 http fetch GET 200 https://registry.npmjs.org/@cfworker%2fjson-schema 127ms (cache miss)
26 silly packumentCache full:https://registry.npmjs.org/@cfworker%2fjson-schema set size:undefined disposed:false
27 silly placeDep ROOT @google/genai@2.8.0 OK for: kodo-solutions-web@0.1.0 want: *
28 silly fetch manifest google-auth-library@^10.3.0
29 silly packumentCache full:https://registry.npmjs.org/google-auth-library cache-miss
30 silly fetch manifest p-retry@^4.6.2
31 silly packumentCache full:https://registry.npmjs.org/p-retry cache-miss
32 silly fetch manifest protobufjs@^7.5.4
33 silly packumentCache full:https://registry.npmjs.org/protobufjs cache-miss
34 http fetch GET 200 https://registry.npmjs.org/p-retry 81ms (cache miss)
35 silly packumentCache full:https://registry.npmjs.org/p-retry set size:undefined disposed:false
36 silly fetch manifest ws@^8.18.0
37 silly packumentCache full:https://registry.npmjs.org/ws cache-miss
38 http fetch GET 200 https://registry.npmjs.org/google-auth-library 128ms (cache miss)
39 silly packumentCache full:https://registry.npmjs.org/google-auth-library set size:undefined disposed:false
40 http fetch GET 200 https://registry.npmjs.org/ws 250ms (cache miss)
41 silly packumentCache full:https://registry.npmjs.org/ws set size:undefined disposed:false
42 http fetch GET 200 https://registry.npmjs.org/protobufjs 377ms (cache miss)
43 silly packumentCache full:https://registry.npmjs.org/protobufjs set size:undefined disposed:false
44 silly fetch manifest bufferutil@^4.0.1
45 silly packumentCache full:https://registry.npmjs.org/bufferutil cache-miss
46 http fetch GET 200 https://registry.npmjs.org/bufferutil 279ms (cache miss)
47 silly packumentCache full:https://registry.npmjs.org/bufferutil set size:undefined disposed:false
48 silly fetch manifest utf-8-validate@>=5.0.2
49 silly packumentCache full:https://registry.npmjs.org/utf-8-validate cache-miss
50 http fetch GET 200 https://registry.npmjs.org/utf-8-validate 59ms (cache miss)
51 silly packumentCache full:https://registry.npmjs.org/utf-8-validate set size:undefined disposed:false
52 silly placeDep ROOT google-auth-library@10.7.0 OK for: @google/genai@2.8.0 want: ^10.3.0
53 silly placeDep ROOT p-retry@4.6.2 OK for: @google/genai@2.8.0 want: ^4.6.2
54 silly placeDep ROOT protobufjs@7.6.2 OK for: @google/genai@2.8.0 want: ^7.5.4
55 silly placeDep ROOT ws@8.21.0 OK for: @google/genai@2.8.0 want: ^8.18.0
56 silly fetch manifest base64-js@^1.3.0
57 silly packumentCache full:https://registry.npmjs.org/base64-js cache-miss
58 silly fetch manifest ecdsa-sig-formatter@^1.0.11
59 silly packumentCache full:https://registry.npmjs.org/ecdsa-sig-formatter cache-miss
60 silly fetch manifest gaxios@^7.1.4
61 silly packumentCache full:https://registry.npmjs.org/gaxios cache-miss
62 http fetch GET 200 https://registry.npmjs.org/base64-js 53ms (cache miss)
63 silly packumentCache full:https://registry.npmjs.org/base64-js set size:undefined disposed:false
64 silly fetch manifest gcp-metadata@8.1.2
65 silly packumentCache full:https://registry.npmjs.org/gcp-metadata cache-miss
66 http fetch GET 200 https://registry.npmjs.org/ecdsa-sig-formatter 77ms (cache miss)
67 silly packumentCache full:https://registry.npmjs.org/ecdsa-sig-formatter set size:undefined disposed:false
68 silly fetch manifest google-logging-utils@1.1.3
69 silly packumentCache full:https://registry.npmjs.org/google-logging-utils cache-miss
70 http fetch GET 200 https://registry.npmjs.org/gaxios 84ms (cache miss)
71 silly packumentCache full:https://registry.npmjs.org/gaxios set size:undefined disposed:false
72 silly fetch manifest jws@^4.0.0
73 silly packumentCache full:https://registry.npmjs.org/jws cache-miss
74 http fetch GET 200 https://registry.npmjs.org/google-logging-utils 46ms (cache miss)
75 silly packumentCache full:https://registry.npmjs.org/google-logging-utils set size:undefined disposed:false
76 silly fetch manifest retry@^0.13.1
77 silly packumentCache full:https://registry.npmjs.org/retry cache-miss
78 http fetch GET 200 https://registry.npmjs.org/gcp-metadata 70ms (cache miss)
79 silly packumentCache full:https://registry.npmjs.org/gcp-metadata set size:undefined disposed:false
80 silly fetch manifest @types/retry@0.12.0
81 silly packumentCache full:https://registry.npmjs.org/@types%2fretry cache-miss
82 http fetch GET 200 https://registry.npmjs.org/jws 51ms (cache miss)
83 silly packumentCache full:https://registry.npmjs.org/jws set size:undefined disposed:false
84 silly fetch manifest long@^5.3.2
85 silly packumentCache full:https://registry.npmjs.org/long cache-miss
86 http fetch GET 200 https://registry.npmjs.org/retry 57ms (cache miss)
87 silly packumentCache full:https://registry.npmjs.org/retry set size:undefined disposed:false
88 silly fetch manifest @protobufjs/path@^1.1.2
89 silly packumentCache full:https://registry.npmjs.org/@protobufjs%2fpath cache-miss
90 http fetch GET 200 https://registry.npmjs.org/@types%2fretry 96ms (cache miss)
91 silly packumentCache full:https://registry.npmjs.org/@types%2fretry set size:undefined disposed:false
92 silly fetch manifest @protobufjs/pool@^1.1.0
93 silly packumentCache full:https://registry.npmjs.org/@protobufjs%2fpool cache-miss
94 http fetch GET 200 https://registry.npmjs.org/long 91ms (cache miss)
95 silly packumentCache full:https://registry.npmjs.org/long set size:undefined disposed:false
96 silly fetch manifest @protobufjs/utf8@^1.1.1
97 silly packumentCache full:https://registry.npmjs.org/@protobufjs%2futf8 cache-miss
98 http fetch GET 200 https://registry.npmjs.org/@protobufjs%2fpath 93ms (cache miss)
99 silly packumentCache full:https://registry.npmjs.org/@protobufjs%2fpath set size:undefined disposed:false
100 silly fetch manifest @protobufjs/fetch@^1.1.1
101 silly packumentCache full:https://registry.npmjs.org/@protobufjs%2ffetch cache-miss
102 http fetch GET 200 https://registry.npmjs.org/@protobufjs%2fpool 66ms (cache miss)
103 silly packumentCache full:https://registry.npmjs.org/@protobufjs%2fpool set size:undefined disposed:false
104 silly fetch manifest @protobufjs/float@^1.0.2
105 silly packumentCache full:https://registry.npmjs.org/@protobufjs%2ffloat cache-miss
106 http fetch GET 200 https://registry.npmjs.org/@protobufjs%2futf8 86ms (cache miss)
107 silly packumentCache full:https://registry.npmjs.org/@protobufjs%2futf8 set size:undefined disposed:false
108 silly fetch manifest @protobufjs/base64@^1.1.2
109 silly packumentCache full:https://registry.npmjs.org/@protobufjs%2fbase64 cache-miss
110 http fetch GET 200 https://registry.npmjs.org/@protobufjs%2ffetch 87ms (cache miss)
111 silly packumentCache full:https://registry.npmjs.org/@protobufjs%2ffetch set size:undefined disposed:false
112 silly fetch manifest @protobufjs/codegen@^2.0.5
113 silly packumentCache full:https://registry.npmjs.org/@protobufjs%2fcodegen cache-miss
114 http fetch GET 200 https://registry.npmjs.org/@protobufjs%2ffloat 81ms (cache miss)
115 silly packumentCache full:https://registry.npmjs.org/@protobufjs%2ffloat set size:undefined disposed:false
116 silly fetch manifest @protobufjs/inquire@^1.1.2
117 silly packumentCache full:https://registry.npmjs.org/@protobufjs%2finquire cache-miss
118 http fetch GET 200 https://registry.npmjs.org/@protobufjs%2fbase64 97ms (cache miss)
119 silly packumentCache full:https://registry.npmjs.org/@protobufjs%2fbase64 set size:undefined disposed:false
120 silly fetch manifest @protobufjs/aspromise@^1.1.2
121 silly packumentCache full:https://registry.npmjs.org/@protobufjs%2faspromise cache-miss
122 http fetch GET 200 https://registry.npmjs.org/@protobufjs%2fcodegen 67ms (cache miss)
123 silly packumentCache full:https://registry.npmjs.org/@protobufjs%2fcodegen set size:undefined disposed:false
124 silly fetch manifest @protobufjs/eventemitter@^1.1.1
125 silly packumentCache full:https://registry.npmjs.org/@protobufjs%2feventemitter cache-miss
126 http fetch GET 200 https://registry.npmjs.org/@protobufjs%2faspromise 58ms (cache miss)
127 silly packumentCache full:https://registry.npmjs.org/@protobufjs%2faspromise set size:undefined disposed:false
128 http fetch GET 200 https://registry.npmjs.org/@protobufjs%2feventemitter 79ms (cache miss)
129 silly packumentCache full:https://registry.npmjs.org/@protobufjs%2feventemitter set size:undefined disposed:false
130 http fetch GET 200 https://registry.npmjs.org/@protobufjs%2finquire 215ms (cache miss)
131 silly packumentCache full:https://registry.npmjs.org/@protobufjs%2finquire set size:undefined disposed:false
132 silly fetch manifest picomatch@^3 || ^4
133 silly packumentCache full:https://registry.npmjs.org/picomatch cache-miss
134 http fetch GET 200 https://registry.npmjs.org/picomatch 88ms (cache miss)
135 silly packumentCache full:https://registry.npmjs.org/picomatch set size:undefined disposed:false
136 silly placeDep ROOT picomatch@4.0.4 REPLACE for: fdir@6.5.0 want: ^3 || ^4
137 silly placeDep ROOT base64-js@1.5.1 OK for: google-auth-library@10.7.0 want: ^1.3.0
138 silly placeDep ROOT ecdsa-sig-formatter@1.0.11 OK for: google-auth-library@10.7.0 want: ^1.0.11
139 silly placeDep ROOT gaxios@7.1.5 OK for: google-auth-library@10.7.0 want: ^7.1.4
140 silly placeDep ROOT gcp-metadata@8.1.2 OK for: google-auth-library@10.7.0 want: 8.1.2
141 silly placeDep ROOT google-logging-utils@1.1.3 OK for: google-auth-library@10.7.0 want: 1.1.3
142 silly placeDep ROOT jws@4.0.1 OK for: google-auth-library@10.7.0 want: ^4.0.0
143 silly fetch manifest safe-buffer@^5.0.1
144 silly packumentCache full:https://registry.npmjs.org/safe-buffer cache-miss
145 silly fetch manifest extend@^3.0.2
146 silly packumentCache full:https://registry.npmjs.org/extend cache-miss
147 silly fetch manifest https-proxy-agent@^7.0.1
148 silly packumentCache full:https://registry.npmjs.org/https-proxy-agent cache-miss
149 http fetch GET 200 https://registry.npmjs.org/extend 62ms (cache miss)
150 silly packumentCache full:https://registry.npmjs.org/extend set size:undefined disposed:false
151 silly fetch manifest node-fetch@^3.3.2
152 silly packumentCache full:https://registry.npmjs.org/node-fetch cache-miss
153 http fetch GET 200 https://registry.npmjs.org/safe-buffer 71ms (cache miss)
154 silly packumentCache full:https://registry.npmjs.org/safe-buffer set size:undefined disposed:false
155 silly fetch manifest json-bigint@^1.0.0
156 silly packumentCache full:https://registry.npmjs.org/json-bigint cache-miss
157 http fetch GET 200 https://registry.npmjs.org/https-proxy-agent 73ms (cache miss)
158 silly packumentCache full:https://registry.npmjs.org/https-proxy-agent set size:undefined disposed:false
159 silly fetch manifest google-logging-utils@^1.0.0
160 silly packumentCache full:https://registry.npmjs.org/google-logging-utils cache-miss
161 http fetch GET 200 https://registry.npmjs.org/json-bigint 83ms (cache miss)
162 silly packumentCache full:https://registry.npmjs.org/json-bigint set size:undefined disposed:false
163 silly fetch manifest jwa@^2.0.1
164 silly packumentCache full:https://registry.npmjs.org/jwa cache-miss
165 http cache https://registry.npmjs.org/google-logging-utils 88ms (cache hit)
166 silly packumentCache full:https://registry.npmjs.org/google-logging-utils set size:23839 disposed:false
167 http fetch GET 200 https://registry.npmjs.org/node-fetch 104ms (cache miss)
168 silly packumentCache full:https://registry.npmjs.org/node-fetch set size:undefined disposed:false
169 http fetch GET 200 https://registry.npmjs.org/jwa 210ms (cache miss)
170 silly packumentCache full:https://registry.npmjs.org/jwa set size:undefined disposed:false
171 silly placeDep ROOT safe-buffer@5.2.1 OK for: ecdsa-sig-formatter@1.0.11 want: ^5.0.1
172 silly placeDep ROOT extend@3.0.2 OK for: gaxios@7.1.5 want: ^3.0.2
173 silly placeDep ROOT https-proxy-agent@7.0.6 OK for: gaxios@7.1.5 want: ^7.0.1
174 silly placeDep ROOT node-fetch@3.3.2 OK for: gaxios@7.1.5 want: ^3.3.2
175 silly fetch manifest agent-base@^7.1.2
176 silly packumentCache full:https://registry.npmjs.org/agent-base cache-miss
177 silly fetch manifest data-uri-to-buffer@^4.0.0
178 silly packumentCache full:https://registry.npmjs.org/data-uri-to-buffer cache-miss
179 silly fetch manifest fetch-blob@^3.1.4
180 silly packumentCache full:https://registry.npmjs.org/fetch-blob cache-miss
181 http fetch GET 200 https://registry.npmjs.org/data-uri-to-buffer 69ms (cache miss)
182 silly packumentCache full:https://registry.npmjs.org/data-uri-to-buffer set size:undefined disposed:false
183 silly fetch manifest formdata-polyfill@^4.0.10
184 silly packumentCache full:https://registry.npmjs.org/formdata-polyfill cache-miss
185 http fetch GET 200 https://registry.npmjs.org/agent-base 76ms (cache miss)
186 silly packumentCache full:https://registry.npmjs.org/agent-base set size:undefined disposed:false
187 http fetch GET 200 https://registry.npmjs.org/fetch-blob 82ms (cache miss)
188 silly packumentCache full:https://registry.npmjs.org/fetch-blob set size:undefined disposed:false
189 http fetch GET 200 https://registry.npmjs.org/formdata-polyfill 48ms (cache miss)
190 silly packumentCache full:https://registry.npmjs.org/formdata-polyfill set size:undefined disposed:false
191 silly placeDep ROOT json-bigint@1.0.0 OK for: gcp-metadata@8.1.2 want: ^1.0.0
192 silly fetch manifest bignumber.js@^9.0.0
193 silly packumentCache full:https://registry.npmjs.org/bignumber.js cache-miss
194 http fetch GET 200 https://registry.npmjs.org/bignumber.js 86ms (cache miss)
195 silly packumentCache full:https://registry.npmjs.org/bignumber.js set size:undefined disposed:false
196 silly placeDep ROOT agent-base@7.1.4 OK for: https-proxy-agent@7.0.6 want: ^7.1.2
197 silly placeDep ROOT bignumber.js@9.3.1 OK for: json-bigint@1.0.0 want: ^9.0.0
198 silly placeDep ROOT jwa@2.0.1 OK for: jws@4.0.1 want: ^2.0.1
199 silly fetch manifest buffer-equal-constant-time@^1.0.1
200 silly packumentCache full:https://registry.npmjs.org/buffer-equal-constant-time cache-miss
201 http fetch GET 200 https://registry.npmjs.org/buffer-equal-constant-time 47ms (cache miss)
202 silly packumentCache full:https://registry.npmjs.org/buffer-equal-constant-time set size:undefined disposed:false
203 silly placeDep ROOT buffer-equal-constant-time@1.0.1 OK for: jwa@2.0.1 want: ^1.0.1
204 silly fetch manifest picomatch@^2.3.1
205 silly packumentCache full:https://registry.npmjs.org/picomatch cache-miss
206 http cache https://registry.npmjs.org/picomatch 79ms (cache hit)
207 silly packumentCache full:https://registry.npmjs.org/picomatch set size:126376 disposed:false
208 silly placeDep node_modules/micromatch picomatch@2.3.2 OK for: micromatch@4.0.8 want: ^2.3.1
209 silly placeDep ROOT data-uri-to-buffer@4.0.1 OK for: node-fetch@3.3.2 want: ^4.0.0
210 silly placeDep ROOT fetch-blob@3.2.0 OK for: node-fetch@3.3.2 want: ^3.1.4
211 silly placeDep ROOT formdata-polyfill@4.0.10 OK for: node-fetch@3.3.2 want: ^4.0.10
212 silly fetch manifest node-domexception@^1.0.0
213 silly packumentCache full:https://registry.npmjs.org/node-domexception cache-miss
214 silly fetch manifest web-streams-polyfill@^3.0.3
215 silly packumentCache full:https://registry.npmjs.org/web-streams-polyfill cache-miss
216 http fetch GET 200 https://registry.npmjs.org/node-domexception 73ms (cache miss)
217 silly packumentCache full:https://registry.npmjs.org/node-domexception set size:undefined disposed:false
218 http fetch GET 200 https://registry.npmjs.org/web-streams-polyfill 74ms (cache miss)
219 silly packumentCache full:https://registry.npmjs.org/web-streams-polyfill set size:undefined disposed:false
220 silly placeDep ROOT node-domexception@1.0.0 OK for: fetch-blob@3.2.0 want: ^1.0.0
221 silly placeDep ROOT web-streams-polyfill@3.3.3 OK for: fetch-blob@3.2.0 want: ^3.0.3
222 silly placeDep ROOT @types/retry@0.12.0 OK for: p-retry@4.6.2 want: 0.12.0
223 silly placeDep ROOT retry@0.13.1 OK for: p-retry@4.6.2 want: ^0.13.1
224 silly placeDep ROOT @protobufjs/aspromise@1.1.2 OK for: protobufjs@7.6.2 want: ^1.1.2
225 silly placeDep ROOT @protobufjs/base64@1.1.2 OK for: protobufjs@7.6.2 want: ^1.1.2
226 silly placeDep ROOT @protobufjs/codegen@2.0.5 OK for: protobufjs@7.6.2 want: ^2.0.5
227 silly placeDep ROOT @protobufjs/eventemitter@1.1.1 OK for: protobufjs@7.6.2 want: ^1.1.1
228 silly placeDep ROOT @protobufjs/fetch@1.1.1 OK for: protobufjs@7.6.2 want: ^1.1.1
229 silly placeDep ROOT @protobufjs/float@1.0.2 OK for: protobufjs@7.6.2 want: ^1.0.2
230 silly placeDep ROOT @protobufjs/inquire@1.1.2 OK for: protobufjs@7.6.2 want: ^1.1.2
231 silly placeDep ROOT @protobufjs/path@1.1.2 OK for: protobufjs@7.6.2 want: ^1.1.2
232 silly placeDep ROOT @protobufjs/pool@1.1.0 OK for: protobufjs@7.6.2 want: ^1.1.0
233 silly placeDep ROOT @protobufjs/utf8@1.1.1 OK for: protobufjs@7.6.2 want: ^1.1.1
234 silly placeDep ROOT long@5.3.2 OK for: protobufjs@7.6.2 want: ^5.3.2
235 silly reify mark retired [
235 silly reify   '/Users/kiamarulmont/antigravity/kodo-solutions-web/node_modules/@emnapi/core'
235 silly reify ]
236 silly reify mark retired [
236 silly reify   '/Users/kiamarulmont/antigravity/kodo-solutions-web/node_modules/@emnapi/runtime'
236 silly reify ]
237 silly reify mark retired [
237 silly reify   '/Users/kiamarulmont/antigravity/kodo-solutions-web/node_modules/@emnapi/wasi-threads'
237 silly reify ]
238 silly reify mark retired [
238 silly reify   '/Users/kiamarulmont/antigravity/kodo-solutions-web/node_modules/picomatch'
238 silly reify ]
239 silly reify mark retired [
239 silly reify   '/Users/kiamarulmont/antigravity/kodo-solutions-web/node_modules/tinyglobby/node_modules/picomatch'
239 silly reify ]
240 silly reify moves {
240 silly reify   '/Users/kiamarulmont/antigravity/kodo-solutions-web/node_modules/@emnapi/core': '/Users/kiamarulmont/antigravity/kodo-solutions-web/node_modules/@emnapi/.core-zAVgA04o',
240 silly reify   '/Users/kiamarulmont/antigravity/kodo-solutions-web/node_modules/@emnapi/runtime': '/Users/kiamarulmont/antigravity/kodo-solutions-web/node_modules/@emnapi/.runtime-PzodcFJl',
240 silly reify   '/Users/kiamarulmont/antigravity/kodo-solutions-web/node_modules/@emnapi/wasi-threads': '/Users/kiamarulmont/antigravity/kodo-solutions-web/node_modules/@emnapi/.wasi-threads-vZjOrhfh',
240 silly reify   '/Users/kiamarulmont/antigravity/kodo-solutions-web/node_modules/picomatch': '/Users/kiamarulmont/antigravity/kodo-solutions-web/node_modules/.picomatch-PsrXWFzh',
240 silly reify   '/Users/kiamarulmont/antigravity/kodo-solutions-web/node_modules/tinyglobby/node_modules/picomatch': '/Users/kiamarulmont/antigravity/kodo-solutions-web/node_modules/tinyglobby/node_modules/.picomatch-wGynb1Na'
240 silly reify }
241 silly audit bulk request {
241 silly audit   '@alloc/quick-lru': [ '5.2.0' ],
241 silly audit   '@babel/code-frame': [ '7.29.7' ],
241 silly audit   '@babel/compat-data': [ '7.29.7' ],
241 silly audit   '@babel/core': [ '7.29.7' ],
241 silly audit   '@babel/generator': [ '7.29.7' ],
241 silly audit   '@babel/helper-compilation-targets': [ '7.29.7' ],
241 silly audit   '@babel/helper-globals': [ '7.29.7' ],
241 silly audit   '@babel/helper-module-imports': [ '7.29.7' ],
241 silly audit   '@babel/helper-module-transforms': [ '7.29.7' ],
241 silly audit   '@babel/helper-string-parser': [ '7.29.7' ],
241 silly audit   '@babel/helper-validator-identifier': [ '7.29.7' ],
241 silly audit   '@babel/helper-validator-option': [ '7.29.7' ],
241 silly audit   '@babel/helpers': [ '7.29.7' ],
241 silly audit   '@babel/parser': [ '7.29.7' ],
241 silly audit   '@babel/template': [ '7.29.7' ],
241 silly audit   '@babel/traverse': [ '7.29.7' ],
241 silly audit   '@babel/types': [ '7.29.7' ],
241 silly audit   '@emnapi/wasi-threads': [ '1.2.1' ],
241 silly audit   '@eslint-community/eslint-utils': [ '4.9.1' ],
241 silly audit   'eslint-visitor-keys': [ '3.4.3', '5.0.1', '4.2.1' ],
241 silly audit   '@eslint-community/regexpp': [ '4.12.2' ],
241 silly audit   '@eslint/config-array': [ '0.21.2' ],
241 silly audit   '@eslint/config-helpers': [ '0.4.2' ],
241 silly audit   '@eslint/core': [ '0.17.0' ],
241 silly audit   '@eslint/eslintrc': [ '3.3.5' ],
241 silly audit   '@eslint/js': [ '9.39.4' ],
241 silly audit   '@eslint/object-schema': [ '2.1.7' ],
241 silly audit   '@eslint/plugin-kit': [ '0.4.1' ],
241 silly audit   '@humanfs/core': [ '0.19.2' ],
241 silly audit   '@humanfs/node': [ '0.16.8' ],
241 silly audit   '@humanfs/types': [ '0.15.0' ],
241 silly audit   '@humanwhocodes/module-importer': [ '1.0.1' ],
241 silly audit   '@humanwhocodes/retry': [ '0.4.3' ],
241 silly audit   '@img/colour': [ '1.1.0' ],
241 silly audit   '@img/sharp-darwin-arm64': [ '0.34.5' ],
241 silly audit   '@img/sharp-darwin-x64': [ '0.34.5' ],
241 silly audit   '@img/sharp-libvips-darwin-arm64': [ '1.2.4' ],
241 silly audit   '@img/sharp-libvips-darwin-x64': [ '1.2.4' ],
241 silly audit   '@img/sharp-libvips-linux-arm': [ '1.2.4' ],
241 silly audit   '@img/sharp-libvips-linux-arm64': [ '1.2.4' ],
241 silly audit   '@img/sharp-libvips-linux-ppc64': [ '1.2.4' ],
241 silly audit   '@img/sharp-libvips-linux-riscv64': [ '1.2.4' ],
241 silly audit   '@img/sharp-libvips-linux-s390x': [ '1.2.4' ],
241 silly audit   '@img/sharp-libvips-linux-x64': [ '1.2.4' ],
241 silly audit   '@img/sharp-libvips-linuxmusl-arm64': [ '1.2.4' ],
241 silly audit   '@img/sharp-libvips-linuxmusl-x64': [ '1.2.4' ],
241 silly audit   '@img/sharp-linux-arm': [ '0.34.5' ],
241 silly audit   '@img/sharp-linux-arm64': [ '0.34.5' ],
241 silly audit   '@img/sharp-linux-ppc64': [ '0.34.5' ],
241 silly audit   '@img/sharp-linux-riscv64': [ '0.34.5' ],
241 silly audit   '@img/sharp-linux-s390x': [ '0.34.5' ],
241 silly audit   '@img/sharp-linux-x64': [ '0.34.5' ],
241 silly audit   '@img/sharp-linuxmusl-arm64': [ '0.34.5' ],
241 silly audit   '@img/sharp-linuxmusl-x64': [ '0.34.5' ],
241 silly audit   '@img/sharp-wasm32': [ '0.34.5' ],
241 silly audit   '@img/sharp-win32-arm64': [ '0.34.5' ],
241 silly audit   '@img/sharp-win32-ia32': [ '0.34.5' ],
241 silly audit   '@img/sharp-win32-x64': [ '0.34.5' ],
241 silly audit   '@jridgewell/gen-mapping': [ '0.3.13' ],
241 silly audit   '@jridgewell/remapping': [ '2.3.5' ],
241 silly audit   '@jridgewell/resolve-uri': [ '3.1.2' ],
241 silly audit   '@jridgewell/sourcemap-codec': [ '1.5.5' ],
241 silly audit   '@jridgewell/trace-mapping': [ '0.3.31' ],
241 silly audit   '@napi-rs/wasm-runtime': [ '1.1.4' ],
241 silly audit   '@next/env': [ '16.2.7' ],
241 silly audit   '@next/eslint-plugin-next': [ '16.2.7' ],
241 silly audit   '@next/swc-darwin-arm64': [ '16.2.7' ],
241 silly audit   '@next/swc-darwin-x64': [ '16.2.7' ],
241 silly audit   '@next/swc-linux-arm64-gnu': [ '16.2.7' ],
241 silly audit   '@next/swc-linux-arm64-musl': [ '16.2.7' ],
241 silly audit   '@next/swc-linux-x64-gnu': [ '16.2.7' ],
241 silly audit   '@next/swc-linux-x64-musl': [ '16.2.7' ],
241 silly audit   '@next/swc-win32-arm64-msvc': [ '16.2.7' ],
241 silly audit   '@next/swc-win32-x64-msvc': [ '16.2.7' ],
241 silly audit   '@nodelib/fs.scandir': [ '2.1.5' ],
241 silly audit   '@nodelib/fs.stat': [ '2.0.5' ],
241 silly audit   '@nodelib/fs.walk': [ '1.2.8' ],
241 silly audit   '@nolyfill/is-core-module': [ '1.0.39' ],
241 silly audit   '@rtsao/scc': [ '1.1.0' ],
241 silly audit   '@swc/helpers': [ '0.5.15' ],
241 silly audit   '@tailwindcss/node': [ '4.3.0' ],
241 silly audit   '@tailwindcss/oxide': [ '4.3.0' ],
241 silly audit   '@tailwindcss/oxide-android-arm64': [ '4.3.0' ],
241 silly audit   '@tailwindcss/oxide-darwin-arm64': [ '4.3.0' ],
241 silly audit   '@tailwindcss/oxide-darwin-x64': [ '4.3.0' ],
241 silly audit   '@tailwindcss/oxide-freebsd-x64': [ '4.3.0' ],
241 silly audit   '@tailwindcss/oxide-linux-arm-gnueabihf': [ '4.3.0' ],
241 silly audit   '@tailwindcss/oxide-linux-arm64-gnu': [ '4.3.0' ],
241 silly audit   '@tailwindcss/oxide-linux-arm64-musl': [ '4.3.0' ],
241 silly audit   '@tailwindcss/oxide-linux-x64-gnu': [ '4.3.0' ],
241 silly audit   '@tailwindcss/oxide-linux-x64-musl': [ '4.3.0' ],
241 silly audit   '@tailwindcss/oxide-wasm32-wasi': [ '4.3.0' ],
241 silly audit   '@tailwindcss/oxide-win32-arm64-msvc': [ '4.3.0' ],
241 silly audit   '@tailwindcss/oxide-win32-x64-msvc': [ '4.3.0' ],
241 silly audit   '@tailwindcss/postcss': [ '4.3.0' ],
241 silly audit   '@tybys/wasm-util': [ '0.10.2' ],
241 silly audit   '@types/estree': [ '1.0.9' ],
241 silly audit   '@types/json-schema': [ '7.0.15' ],
241 silly audit   '@types/json5': [ '0.0.29' ],
241 silly audit   '@types/node': [ '20.19.42' ],
241 silly audit   '@types/react': [ '19.2.17' ],
241 silly audit   '@types/react-dom': [ '19.2.3' ],
241 silly audit   '@typescript-eslint/eslint-plugin': [ '8.60.1' ],
241 silly audit   ignore: [ '7.0.5', '5.3.2' ],
241 silly audit   '@typescript-eslint/parser': [ '8.60.1' ],
241 silly audit   '@typescript-eslint/project-service': [ '8.60.1' ],
241 silly audit   '@typescript-eslint/scope-manager': [ '8.60.1' ],
241 silly audit   '@typescript-eslint/tsconfig-utils': [ '8.60.1' ],
241 silly audit   '@typescript-eslint/type-utils': [ '8.60.1' ],
241 silly audit   '@typescript-eslint/types': [ '8.60.1' ],
241 silly audit   '@typescript-eslint/typescript-estree': [ '8.60.1' ],
241 silly audit   'balanced-match': [ '4.0.4', '1.0.2' ],
241 silly audit   'brace-expansion': [ '5.0.6', '1.1.15' ],
241 silly audit   minimatch: [ '10.2.5', '3.1.5' ],
241 silly audit   semver: [ '7.8.2', '6.3.1' ],
241 silly audit   '@typescript-eslint/utils': [ '8.60.1' ],
241 silly audit   '@typescript-eslint/visitor-keys': [ '8.60.1' ],
241 silly audit   '@unrs/resolver-binding-android-arm-eabi': [ '1.12.2' ],
241 silly audit   '@unrs/resolver-binding-android-arm64': [ '1.12.2' ],
241 silly audit   '@unrs/resolver-binding-darwin-arm64': [ '1.12.2' ],
241 silly audit   '@unrs/resolver-binding-darwin-x64': [ '1.12.2' ],
241 silly audit   '@unrs/resolver-binding-freebsd-x64': [ '1.12.2' ],
241 silly audit   '@unrs/resolver-binding-linux-arm-gnueabihf': [ '1.12.2' ],
241 silly audit   '@unrs/resolver-binding-linux-arm-musleabihf': [ '1.12.2' ],
241 silly audit   '@unrs/resolver-binding-linux-arm64-gnu': [ '1.12.2' ],
241 silly audit   '@unrs/resolver-binding-linux-arm64-musl': [ '1.12.2' ],
241 silly audit   '@unrs/resolver-binding-linux-loong64-gnu': [ '1.12.2' ],
241 silly audit   '@unrs/resolver-binding-linux-loong64-musl': [ '1.12.2' ],
241 silly audit   '@unrs/resolver-binding-linux-ppc64-gnu': [ '1.12.2' ],
241 silly audit   '@unrs/resolver-binding-linux-riscv64-gnu': [ '1.12.2' ],
241 silly audit   '@unrs/resolver-binding-linux-riscv64-musl': [ '1.12.2' ],
241 silly audit   '@unrs/resolver-binding-linux-s390x-gnu': [ '1.12.2' ],
241 silly audit   '@unrs/resolver-binding-linux-x64-gnu': [ '1.12.2' ],
241 silly audit   '@unrs/resolver-binding-linux-x64-musl': [ '1.12.2' ],
241 silly audit   '@unrs/resolver-binding-openharmony-arm64': [ '1.12.2' ],
241 silly audit   '@unrs/resolver-binding-wasm32-wasi': [ '1.12.2' ],
241 silly audit   '@unrs/resolver-binding-win32-arm64-msvc': [ '1.12.2' ],
241 silly audit   '@unrs/resolver-binding-win32-ia32-msvc': [ '1.12.2' ],
241 silly audit   '@unrs/resolver-binding-win32-x64-msvc': [ '1.12.2' ],
241 silly audit   acorn: [ '8.16.0' ],
241 silly audit   'acorn-jsx': [ '5.3.2' ],
241 silly audit   ajv: [ '6.15.0' ],
241 silly audit   'ansi-styles': [ '4.3.0' ],
241 silly audit   argparse: [ '2.0.1' ],
241 silly audit   'aria-query': [ '5.3.2' ],
241 silly audit   'array-buffer-byte-length': [ '1.0.2' ],
241 silly audit   'array-includes': [ '3.1.9' ],
241 silly audit   'array.prototype.findlast': [ '1.2.5' ],
241 silly audit   'array.prototype.findlastindex': [ '1.2.6' ],
241 silly audit   'array.prototype.flat': [ '1.3.3' ],
241 silly audit   'array.prototype.flatmap': [ '1.3.3' ],
241 silly audit   'array.prototype.tosorted': [ '1.1.4' ],
241 silly audit   'arraybuffer.prototype.slice': [ '1.0.4' ],
241 silly audit   'ast-types-flow': [ '0.0.8' ],
241 silly audit   'async-function': [ '1.0.0' ],
241 silly audit   'available-typed-arrays': [ '1.0.7' ],
241 silly audit   'axe-core': [ '4.12.0' ],
241 silly audit   'axobject-query': [ '4.1.0' ],
241 silly audit   'baseline-browser-mapping': [ '2.10.34' ],
241 silly audit   braces: [ '3.0.3' ],
241 silly audit   browserslist: [ '4.28.2' ],
241 silly audit   'call-bind': [ '1.0.9' ],
241 silly audit   'call-bind-apply-helpers': [ '1.0.2' ],
241 silly audit   'call-bound': [ '1.0.4' ],
241 silly audit   callsites: [ '3.1.0' ],
241 silly audit   'caniuse-lite': [ '1.0.30001793' ],
241 silly audit   chalk: [ '4.1.2' ],
241 silly audit   'client-only': [ '0.0.1' ],
241 silly audit   'color-convert': [ '2.0.1' ],
241 silly audit   'color-name': [ '1.1.4' ],
241 silly audit   'concat-map': [ '0.0.1' ],
241 silly audit   'convert-source-map': [ '2.0.0' ],
241 silly audit   'cross-spawn': [ '7.0.6' ],
241 silly audit   csstype: [ '3.2.3' ],
241 silly audit   'damerau-levenshtein': [ '1.0.8' ],
241 silly audit   'data-view-buffer': [ '1.0.2' ],
241 silly audit   'data-view-byte-length': [ '1.0.2' ],
241 silly audit   'data-view-byte-offset': [ '1.0.1' ],
241 silly audit   debug: [ '4.4.3', '3.2.7' ],
241 silly audit   'deep-is': [ '0.1.4' ],
241 silly audit   'define-data-property': [ '1.1.4' ],
241 silly audit   'define-properties': [ '1.2.1' ],
241 silly audit   'detect-libc': [ '2.1.2' ],
241 silly audit   doctrine: [ '2.1.0' ],
241 silly audit   'dunder-proto': [ '1.0.1' ],
241 silly audit   'electron-to-chromium': [ '1.5.368' ],
241 silly audit   'emoji-regex': [ '9.2.2' ],
241 silly audit   'enhanced-resolve': [ '5.23.0' ],
241 silly audit   'es-abstract': [ '1.24.2' ],
241 silly audit   'es-define-property': [ '1.0.1' ],
241 silly audit   'es-errors': [ '1.3.0' ],
241 silly audit   'es-iterator-helpers': [ '1.3.2' ],
241 silly audit   'es-object-atoms': [ '1.1.2' ],
241 silly audit   'es-set-tostringtag': [ '2.1.0' ],
241 silly audit   'es-shim-unscopables': [ '1.1.0' ],
241 silly audit   'es-to-primitive': [ '1.3.0' ],
241 silly audit   escalade: [ '3.2.0' ],
241 silly audit   'escape-string-regexp': [ '4.0.0' ],
241 silly audit   eslint: [ '9.39.4' ],
241 silly audit   'eslint-config-next': [ '16.2.7' ],
241 silly audit   globals: [ '16.4.0', '14.0.0' ],
241 silly audit   'eslint-import-resolver-node': [ '0.3.10' ],
241 silly audit   'eslint-import-resolver-typescript': [ '3.10.1' ],
241 silly audit   'eslint-module-utils': [ '2.13.0' ],
241 silly audit   'eslint-plugin-import': [ '2.32.0' ],
241 silly audit   'eslint-plugin-jsx-a11y': [ '6.10.2' ],
241 silly audit   'eslint-plugin-react': [ '7.37.5' ],
241 silly audit   'eslint-plugin-react-hooks': [ '7.1.1' ],
241 silly audit   'eslint-scope': [ '8.4.0' ],
241 silly audit   espree: [ '10.4.0' ],
241 silly audit   esquery: [ '1.7.0' ],
241 silly audit   esrecurse: [ '4.3.0' ],
241 silly audit   estraverse: [ '5.3.0' ],
241 silly audit   esutils: [ '2.0.3' ],
241 silly audit   'fast-deep-equal': [ '3.1.3' ],
241 silly audit   'fast-glob': [ '3.3.1' ],
241 silly audit   'glob-parent': [ '5.1.2', '6.0.2' ],
241 silly audit   'fast-json-stable-stringify': [ '2.1.0' ],
241 silly audit   'fast-levenshtein': [ '2.0.6' ],
241 silly audit   fastq: [ '1.20.1' ],
241 silly audit   fdir: [ '6.5.0' ],
241 silly audit   'file-entry-cache': [ '8.0.0' ],
241 silly audit   'fill-range': [ '7.1.1' ],
241 silly audit   'find-up': [ '5.0.0' ],
241 silly audit   'flat-cache': [ '4.0.1' ],
241 silly audit   flatted: [ '3.4.2' ],
241 silly audit   'for-each': [ '0.3.5' ],
241 silly audit   'framer-motion': [ '12.40.0' ],
241 silly audit   'function-bind': [ '1.1.2' ],
241 silly audit   'function.prototype.name': [ '1.1.8' ],
241 silly audit   'functions-have-names': [ '1.2.3' ],
241 silly audit   'generator-function': [ '2.0.1' ],
241 silly audit   gensync: [ '1.0.0-beta.2' ],
241 silly audit   'get-intrinsic': [ '1.3.0' ],
241 silly audit   'get-proto': [ '1.0.1' ],
241 silly audit   'get-symbol-description': [ '1.1.0' ],
241 silly audit   'get-tsconfig': [ '4.14.0' ],
241 silly audit   globalthis: [ '1.0.4' ],
241 silly audit   gopd: [ '1.2.0' ],
241 silly audit   'graceful-fs': [ '4.2.11' ],
241 silly audit   'has-bigints': [ '1.1.0' ],
241 silly audit   'has-flag': [ '4.0.0' ],
241 silly audit   'has-property-descriptors': [ '1.0.2' ],
241 silly audit   'has-proto': [ '1.2.0' ],
241 silly audit   'has-symbols': [ '1.1.0' ],
241 silly audit   'has-tostringtag': [ '1.0.2' ],
241 silly audit   hasown: [ '2.0.4' ],
241 silly audit   'hermes-estree': [ '0.25.1' ],
241 silly audit   'hermes-parser': [ '0.25.1' ],
241 silly audit   'import-fresh': [ '3.3.1' ],
241 silly audit   imurmurhash: [ '0.1.4' ],
241 silly audit   'internal-slot': [ '1.1.0' ],
241 silly audit   'is-array-buffer': [ '3.0.5' ],
241 silly audit   'is-async-function': [ '2.1.1' ],
241 silly audit   'is-bigint': [ '1.1.0' ],
241 silly audit   'is-boolean-object': [ '1.2.2' ],
241 silly audit   'is-bun-module': [ '2.0.0' ],
241 silly audit   'is-callable': [ '1.2.7' ],
241 silly audit   'is-core-module': [ '2.16.2' ],
241 silly audit   'is-data-view': [ '1.0.2' ],
241 silly audit   'is-date-object': [ '1.1.0' ],
241 silly audit   'is-extglob': [ '2.1.1' ],
241 silly audit   'is-finalizationregistry': [ '1.1.1' ],
241 silly audit   'is-generator-function': [ '1.1.2' ],
241 silly audit   'is-glob': [ '4.0.3' ],
241 silly audit   'is-map': [ '2.0.3' ],
241 silly audit   'is-negative-zero': [ '2.0.3' ],
241 silly audit   'is-number': [ '7.0.0' ],
241 silly audit   'is-number-object': [ '1.1.1' ],
241 silly audit   'is-regex': [ '1.2.1' ],
241 silly audit   'is-set': [ '2.0.3' ],
241 silly audit   'is-shared-array-buffer': [ '1.0.4' ],
241 silly audit   'is-string': [ '1.1.1' ],
241 silly audit   'is-symbol': [ '1.1.1' ],
241 silly audit   'is-typed-array': [ '1.1.15' ],
241 silly audit   'is-weakmap': [ '2.0.2' ],
241 silly audit   'is-weakref': [ '1.1.1' ],
241 silly audit   'is-weakset': [ '2.0.4' ],
241 silly audit   isarray: [ '2.0.5' ],
241 silly audit   isexe: [ '2.0.0' ],
241 silly audit   'iterator.prototype': [ '1.1.5' ],
241 silly audit   jiti: [ '2.7.0' ],
241 silly audit   'js-tokens': [ '4.0.0' ],
241 silly audit   'js-yaml': [ '4.2.0' ],
241 silly audit   jsesc: [ '3.1.0' ],
241 silly audit   'json-buffer': [ '3.0.1' ],
241 silly audit   'json-schema-traverse': [ '0.4.1' ],
241 silly audit   'json-stable-stringify-without-jsonify': [ '1.0.1' ],
241 silly audit   json5: [ '2.2.3', '1.0.2' ],
241 silly audit   'jsx-ast-utils': [ '3.3.5' ],
241 silly audit   keyv: [ '4.5.4' ],
241 silly audit   'language-subtag-registry': [ '0.3.23' ],
241 silly audit   'language-tags': [ '1.0.9' ],
241 silly audit   levn: [ '0.4.1' ],
241 silly audit   lightningcss: [ '1.32.0' ],
241 silly audit   'lightningcss-android-arm64': [ '1.32.0' ],
241 silly audit   'lightningcss-darwin-arm64': [ '1.32.0' ],
241 silly audit   'lightningcss-darwin-x64': [ '1.32.0' ],
241 silly audit   'lightningcss-freebsd-x64': [ '1.32.0' ],
241 silly audit   'lightningcss-linux-arm-gnueabihf': [ '1.32.0' ],
241 silly audit   'lightningcss-linux-arm64-gnu': [ '1.32.0' ],
241 silly audit   'lightningcss-linux-arm64-musl': [ '1.32.0' ],
241 silly audit   'lightningcss-linux-x64-gnu': [ '1.32.0' ],
241 silly audit   'lightningcss-linux-x64-musl': [ '1.32.0' ],
241 silly audit   'lightningcss-win32-arm64-msvc': [ '1.32.0' ],
241 silly audit   'lightningcss-win32-x64-msvc': [ '1.32.0' ],
241 silly audit   'locate-path': [ '6.0.0' ],
241 silly audit   'lodash.merge': [ '4.6.2' ],
241 silly audit   'loose-envify': [ '1.4.0' ],
241 silly audit   'lru-cache': [ '5.1.1' ],
241 silly audit   'lucide-react': [ '1.17.0' ],
241 silly audit   'magic-string': [ '0.30.21' ],
241 silly audit   'math-intrinsics': [ '1.1.0' ],
241 silly audit   merge2: [ '1.4.1' ],
241 silly audit   micromatch: [ '4.0.8' ],
241 silly audit   minimist: [ '1.2.8' ],
241 silly audit   'motion-dom': [ '12.40.0' ],
241 silly audit   'motion-utils': [ '12.39.0' ],
241 silly audit   ms: [ '2.1.3' ],
241 silly audit   nanoid: [ '3.3.12' ],
241 silly audit   'napi-postinstall': [ '0.3.4' ],
241 silly audit   'natural-compare': [ '1.4.0' ],
241 silly audit   next: [ '16.2.7' ],
241 silly audit   postcss: [ '8.4.31', '8.5.15' ],
241 silly audit   'node-exports-info': [ '1.6.0' ],
241 silly audit   'node-releases': [ '2.0.47' ],
241 silly audit   'object-assign': [ '4.1.1' ],
241 silly audit   'object-inspect': [ '1.13.4' ],
241 silly audit   'object-keys': [ '1.1.1' ],
241 silly audit   'object.assign': [ '4.1.7' ],
241 silly audit   'object.entries': [ '1.1.9' ],
241 silly audit   'object.fromentries': [ '2.0.8' ],
241 silly audit   'object.groupby': [ '1.0.3' ],
241 silly audit   'object.values': [ '1.2.1' ],
241 silly audit   optionator: [ '0.9.4' ],
241 silly audit   'own-keys': [ '1.0.1' ],
241 silly audit   'p-limit': [ '3.1.0' ],
241 silly audit   'p-locate': [ '5.0.0' ],
241 silly audit   'parent-module': [ '1.0.1' ],
241 silly audit   'path-exists': [ '4.0.0' ],
241 silly audit   'path-key': [ '3.1.1' ],
241 silly audit   'path-parse': [ '1.0.7' ],
241 silly audit   picocolors: [ '1.1.1' ],
241 silly audit   picomatch: [ '4.0.4', '2.3.2' ],
241 silly audit   'possible-typed-array-names': [ '1.1.0' ],
241 silly audit   'prelude-ls': [ '1.2.1' ],
241 silly audit   'prop-types': [ '15.8.1' ],
241 silly audit   punycode: [ '2.3.1' ],
241 silly audit   'queue-microtask': [ '1.2.3' ],
241 silly audit   react: [ '19.2.4' ],
241 silly audit   'react-dom': [ '19.2.4' ],
241 silly audit   'react-is': [ '16.13.1' ],
241 silly audit   'reflect.getprototypeof': [ '1.0.10' ],
241 silly audit   'regexp.prototype.flags': [ '1.5.4' ],
241 silly audit   resolve: [ '2.0.0-next.7' ],
241 silly audit   'resolve-from': [ '4.0.0' ],
241 silly audit   'resolve-pkg-maps': [ '1.0.0' ],
241 silly audit   reusify: [ '1.1.0' ],
241 silly audit   'run-parallel': [ '1.2.0' ],
241 silly audit   'safe-array-concat': [ '1.1.4' ],
241 silly audit   'safe-push-apply': [ '1.0.0' ],
241 silly audit   'safe-regex-test': [ '1.1.0' ],
241 silly audit   scheduler: [ '0.27.0' ],
241 silly audit   'set-function-length': [ '1.2.2' ],
241 silly audit   'set-function-name': [ '2.0.2' ],
241 silly audit   'set-proto': [ '1.0.0' ],
241 silly audit   sharp: [ '0.34.5' ],
241 silly audit   'shebang-command': [ '2.0.0' ],
241 silly audit   'shebang-regex': [ '3.0.0' ],
241 silly audit   'side-channel': [ '1.1.0' ],
241 silly audit   'side-channel-list': [ '1.0.1' ],
241 silly audit   'side-channel-map': [ '1.0.1' ],
241 silly audit   'side-channel-weakmap': [ '1.0.2' ],
241 silly audit   'source-map-js': [ '1.2.1' ],
241 silly audit   'stable-hash': [ '0.0.5' ],
241 silly audit   'stop-iteration-iterator': [ '1.1.0' ],
241 silly audit   'string.prototype.includes': [ '2.0.1' ],
241 silly audit   'string.prototype.matchall': [ '4.0.12' ],
241 silly audit   'string.prototype.repeat': [ '1.0.0' ],
241 silly audit   'string.prototype.trim': [ '1.2.11' ],
241 silly audit   'string.prototype.trimend': [ '1.0.9' ],
241 silly audit   'string.prototype.trimstart': [ '1.0.8' ],
241 silly audit   'strip-bom': [ '3.0.0' ],
241 silly audit   'strip-json-comments': [ '3.1.1' ],
241 silly audit   'styled-jsx': [ '5.1.6' ],
241 silly audit   'supports-color': [ '7.2.0' ],
241 silly audit   'supports-preserve-symlinks-flag': [ '1.0.0' ],
241 silly audit   tailwindcss: [ '4.3.0' ],
241 silly audit   tapable: [ '2.3.3' ],
241 silly audit   tinyglobby: [ '0.2.17' ],
241 silly audit   'to-regex-range': [ '5.0.1' ],
241 silly audit   'ts-api-utils': [ '2.5.0' ],
241 silly audit   'tsconfig-paths': [ '3.15.0' ],
241 silly audit   tslib: [ '2.8.1' ],
241 silly audit   'type-check': [ '0.4.0' ],
241 silly audit   'typed-array-buffer': [ '1.0.3' ],
241 silly audit   'typed-array-byte-length': [ '1.0.3' ],
241 silly audit   'typed-array-byte-offset': [ '1.0.4' ],
241 silly audit   'typed-array-length': [ '1.0.8' ],
241 silly audit   typescript: [ '5.9.3' ],
241 silly audit   'typescript-eslint': [ '8.60.1' ],
241 silly audit   'unbox-primitive': [ '1.1.0' ],
241 silly audit   'undici-types': [ '6.21.0' ],
241 silly audit   'unrs-resolver': [ '1.12.2' ],
241 silly audit   'update-browserslist-db': [ '1.2.3' ],
241 silly audit   'uri-js': [ '4.4.1' ],
241 silly audit   which: [ '2.0.2' ],
241 silly audit   'which-boxed-primitive': [ '1.1.1' ],
241 silly audit   'which-builtin-type': [ '1.2.1' ],
241 silly audit   'which-collection': [ '1.0.2' ],
241 silly audit   'which-typed-array': [ '1.1.22' ],
241 silly audit   'word-wrap': [ '1.2.5' ],
241 silly audit   yallist: [ '3.1.1' ],
241 silly audit   'yocto-queue': [ '0.1.0' ],
241 silly audit   zod: [ '4.4.3' ],
241 silly audit   'zod-validation-error': [ '4.0.2' ],
241 silly audit   '@google/genai': [ '2.8.0' ],
241 silly audit   'google-auth-library': [ '10.7.0' ],
241 silly audit   'p-retry': [ '4.6.2' ],
241 silly audit   protobufjs: [ '7.6.2' ],
241 silly audit   ws: [ '8.21.0' ],
241 silly audit   'base64-js': [ '1.5.1' ],
241 silly audit   'ecdsa-sig-formatter': [ '1.0.11' ],
241 silly audit   gaxios: [ '7.1.5' ],
241 silly audit   'gcp-metadata': [ '8.1.2' ],
241 silly audit   'google-logging-utils': [ '1.1.3' ],
241 silly audit   jws: [ '4.0.1' ],
241 silly audit   'safe-buffer': [ '5.2.1' ],
241 silly audit   extend: [ '3.0.2' ],
241 silly audit   'https-proxy-agent': [ '7.0.6' ],
241 silly audit   'node-fetch': [ '3.3.2' ],
241 silly audit   'json-bigint': [ '1.0.0' ],
241 silly audit   'agent-base': [ '7.1.4' ],
241 silly audit   'bignumber.js': [ '9.3.1' ],
241 silly audit   jwa: [ '2.0.1' ],
241 silly audit   'buffer-equal-constant-time': [ '1.0.1' ],
241 silly audit   'data-uri-to-buffer': [ '4.0.1' ],
241 silly audit   'fetch-blob': [ '3.2.0' ],
241 silly audit   'formdata-polyfill': [ '4.0.10' ],
241 silly audit   'node-domexception': [ '1.0.0' ],
241 silly audit   'web-streams-polyfill': [ '3.3.3' ],
241 silly audit   '@types/retry': [ '0.12.0' ],
241 silly audit   retry: [ '0.13.1' ],
241 silly audit   '@protobufjs/aspromise': [ '1.1.2' ],
241 silly audit   '@protobufjs/base64': [ '1.1.2' ],
241 silly audit   '@protobufjs/codegen': [ '2.0.5' ],
241 silly audit   '@protobufjs/eventemitter': [ '1.1.1' ],
241 silly audit   '@protobufjs/fetch': [ '1.1.1' ],
241 silly audit   '@protobufjs/float': [ '1.0.2' ],
241 silly audit   '@protobufjs/inquire': [ '1.1.2' ],
241 silly audit   '@protobufjs/path': [ '1.1.2' ],
241 silly audit   '@protobufjs/pool': [ '1.1.0' ],
241 silly audit   '@protobufjs/utf8': [ '1.1.1' ],
241 silly audit   long: [ '5.3.2' ]
241 silly audit }
242 http cache @protobufjs/pool@https://registry.npmjs.org/@protobufjs/pool/-/pool-1.1.0.tgz 0ms (cache hit)
243 http cache @protobufjs/utf8@https://registry.npmjs.org/@protobufjs/utf8/-/utf8-1.1.1.tgz 0ms (cache hit)
244 http cache @protobufjs/path@https://registry.npmjs.org/@protobufjs/path/-/path-1.1.2.tgz 0ms (cache hit)
245 http cache long@https://registry.npmjs.org/long/-/long-5.3.2.tgz 0ms (cache hit)
246 http cache @protobufjs/inquire@https://registry.npmjs.org/@protobufjs/inquire/-/inquire-1.1.2.tgz 1ms (cache hit)
247 http cache @protobufjs/float@https://registry.npmjs.org/@protobufjs/float/-/float-1.0.2.tgz 0ms (cache hit)
248 http cache @protobufjs/eventemitter@https://registry.npmjs.org/@protobufjs/eventemitter/-/eventemitter-1.1.1.tgz 0ms (cache hit)
249 http cache @protobufjs/base64@https://registry.npmjs.org/@protobufjs/base64/-/base64-1.1.2.tgz 0ms (cache hit)
250 http cache @protobufjs/codegen@https://registry.npmjs.org/@protobufjs/codegen/-/codegen-2.0.5.tgz 0ms (cache hit)
251 http cache @protobufjs/fetch@https://registry.npmjs.org/@protobufjs/fetch/-/fetch-1.1.1.tgz 0ms (cache hit)
252 http cache @protobufjs/aspromise@https://registry.npmjs.org/@protobufjs/aspromise/-/aspromise-1.1.2.tgz 0ms (cache hit)
253 http cache retry@https://registry.npmjs.org/retry/-/retry-0.13.1.tgz 0ms (cache hit)
254 http cache @types/retry@https://registry.npmjs.org/@types/retry/-/retry-0.12.0.tgz 0ms (cache hit)
255 http cache node-domexception@https://registry.npmjs.org/node-domexception/-/node-domexception-1.0.0.tgz 0ms (cache hit)
256 http cache web-streams-polyfill@https://registry.npmjs.org/web-streams-polyfill/-/web-streams-polyfill-3.3.3.tgz 0ms (cache hit)
257 http cache formdata-polyfill@https://registry.npmjs.org/formdata-polyfill/-/formdata-polyfill-4.0.10.tgz 0ms (cache hit)
258 http cache fetch-blob@https://registry.npmjs.org/fetch-blob/-/fetch-blob-3.2.0.tgz 0ms (cache hit)
259 http cache data-uri-to-buffer@https://registry.npmjs.org/data-uri-to-buffer/-/data-uri-to-buffer-4.0.1.tgz 0ms (cache hit)
260 http cache jwa@https://registry.npmjs.org/jwa/-/jwa-2.0.1.tgz 0ms (cache hit)
261 http cache buffer-equal-constant-time@https://registry.npmjs.org/buffer-equal-constant-time/-/buffer-equal-constant-time-1.0.1.tgz 0ms (cache hit)
262 http cache agent-base@https://registry.npmjs.org/agent-base/-/agent-base-7.1.4.tgz 0ms (cache hit)
263 http cache bignumber.js@https://registry.npmjs.org/bignumber.js/-/bignumber.js-9.3.1.tgz 0ms (cache hit)
264 http cache json-bigint@https://registry.npmjs.org/json-bigint/-/json-bigint-1.0.0.tgz 0ms (cache hit)
265 http cache https-proxy-agent@https://registry.npmjs.org/https-proxy-agent/-/https-proxy-agent-7.0.6.tgz 0ms (cache hit)
266 http cache node-fetch@https://registry.npmjs.org/node-fetch/-/node-fetch-3.3.2.tgz 0ms (cache hit)
267 http cache safe-buffer@https://registry.npmjs.org/safe-buffer/-/safe-buffer-5.2.1.tgz 0ms (cache hit)
268 http cache jws@https://registry.npmjs.org/jws/-/jws-4.0.1.tgz 0ms (cache hit)
269 http cache extend@https://registry.npmjs.org/extend/-/extend-3.0.2.tgz 0ms (cache hit)
270 http cache gcp-metadata@https://registry.npmjs.org/gcp-metadata/-/gcp-metadata-8.1.2.tgz 0ms (cache hit)
271 http cache google-logging-utils@https://registry.npmjs.org/google-logging-utils/-/google-logging-utils-1.1.3.tgz 0ms (cache hit)
272 http cache ecdsa-sig-formatter@https://registry.npmjs.org/ecdsa-sig-formatter/-/ecdsa-sig-formatter-1.0.11.tgz 0ms (cache hit)
273 http cache gaxios@https://registry.npmjs.org/gaxios/-/gaxios-7.1.5.tgz 0ms (cache hit)
274 http cache base64-js@https://registry.npmjs.org/base64-js/-/base64-js-1.5.1.tgz 0ms (cache hit)
275 http cache protobufjs@https://registry.npmjs.org/protobufjs/-/protobufjs-7.6.2.tgz 0ms (cache hit)
276 http cache ws@https://registry.npmjs.org/ws/-/ws-8.21.0.tgz 0ms (cache hit)
277 http cache p-retry@https://registry.npmjs.org/p-retry/-/p-retry-4.6.2.tgz 0ms (cache hit)
278 http cache google-auth-library@https://registry.npmjs.org/google-auth-library/-/google-auth-library-10.7.0.tgz 1ms (cache hit)
279 http cache @google/genai@https://registry.npmjs.org/@google/genai/-/genai-2.8.0.tgz 0ms (cache hit)
280 http cache picomatch@https://registry.npmjs.org/picomatch/-/picomatch-4.0.4.tgz 0ms (cache hit)
281 http cache picomatch@https://registry.npmjs.org/picomatch/-/picomatch-2.3.2.tgz 0ms (cache hit)
282 silly tarball no local data for @protobufjs/pool@https://registry.npmjs.org/@protobufjs/pool/-/pool-1.1.0.tgz. Extracting by manifest.
283 silly tarball no local data for @protobufjs/utf8@https://registry.npmjs.org/@protobufjs/utf8/-/utf8-1.1.1.tgz. Extracting by manifest.
284 silly tarball no local data for @protobufjs/path@https://registry.npmjs.org/@protobufjs/path/-/path-1.1.2.tgz. Extracting by manifest.
285 silly tarball no local data for long@https://registry.npmjs.org/long/-/long-5.3.2.tgz. Extracting by manifest.
286 silly tarball no local data for @protobufjs/inquire@https://registry.npmjs.org/@protobufjs/inquire/-/inquire-1.1.2.tgz. Extracting by manifest.
287 silly tarball no local data for @protobufjs/float@https://registry.npmjs.org/@protobufjs/float/-/float-1.0.2.tgz. Extracting by manifest.
288 silly tarball no local data for @protobufjs/eventemitter@https://registry.npmjs.org/@protobufjs/eventemitter/-/eventemitter-1.1.1.tgz. Extracting by manifest.
289 silly tarball no local data for @protobufjs/base64@https://registry.npmjs.org/@protobufjs/base64/-/base64-1.1.2.tgz. Extracting by manifest.
290 silly tarball no local data for @protobufjs/codegen@https://registry.npmjs.org/@protobufjs/codegen/-/codegen-2.0.5.tgz. Extracting by manifest.
291 silly tarball no local data for @protobufjs/fetch@https://registry.npmjs.org/@protobufjs/fetch/-/fetch-1.1.1.tgz. Extracting by manifest.
292 silly tarball no local data for @protobufjs/aspromise@https://registry.npmjs.org/@protobufjs/aspromise/-/aspromise-1.1.2.tgz. Extracting by manifest.
293 silly tarball no local data for retry@https://registry.npmjs.org/retry/-/retry-0.13.1.tgz. Extracting by manifest.
294 silly tarball no local data for @types/retry@https://registry.npmjs.org/@types/retry/-/retry-0.12.0.tgz. Extracting by manifest.
295 silly tarball no local data for node-domexception@https://registry.npmjs.org/node-domexception/-/node-domexception-1.0.0.tgz. Extracting by manifest.
296 silly tarball no local data for web-streams-polyfill@https://registry.npmjs.org/web-streams-polyfill/-/web-streams-polyfill-3.3.3.tgz. Extracting by manifest.
297 silly tarball no local data for formdata-polyfill@https://registry.npmjs.org/formdata-polyfill/-/formdata-polyfill-4.0.10.tgz. Extracting by manifest.
298 silly tarball no local data for fetch-blob@https://registry.npmjs.org/fetch-blob/-/fetch-blob-3.2.0.tgz. Extracting by manifest.
299 silly tarball no local data for data-uri-to-buffer@https://registry.npmjs.org/data-uri-to-buffer/-/data-uri-to-buffer-4.0.1.tgz. Extracting by manifest.
300 silly tarball no local data for jwa@https://registry.npmjs.org/jwa/-/jwa-2.0.1.tgz. Extracting by manifest.
301 silly tarball no local data for buffer-equal-constant-time@https://registry.npmjs.org/buffer-equal-constant-time/-/buffer-equal-constant-time-1.0.1.tgz. Extracting by manifest.
302 silly tarball no local data for agent-base@https://registry.npmjs.org/agent-base/-/agent-base-7.1.4.tgz. Extracting by manifest.
303 silly tarball no local data for bignumber.js@https://registry.npmjs.org/bignumber.js/-/bignumber.js-9.3.1.tgz. Extracting by manifest.
304 silly tarball no local data for json-bigint@https://registry.npmjs.org/json-bigint/-/json-bigint-1.0.0.tgz. Extracting by manifest.
305 silly tarball no local data for https-proxy-agent@https://registry.npmjs.org/https-proxy-agent/-/https-proxy-agent-7.0.6.tgz. Extracting by manifest.
306 silly tarball no local data for node-fetch@https://registry.npmjs.org/node-fetch/-/node-fetch-3.3.2.tgz. Extracting by manifest.
307 silly tarball no local data for safe-buffer@https://registry.npmjs.org/safe-buffer/-/safe-buffer-5.2.1.tgz. Extracting by manifest.
308 silly tarball no local data for jws@https://registry.npmjs.org/jws/-/jws-4.0.1.tgz. Extracting by manifest.
309 silly tarball no local data for extend@https://registry.npmjs.org/extend/-/extend-3.0.2.tgz. Extracting by manifest.
310 silly tarball no local data for gcp-metadata@https://registry.npmjs.org/gcp-metadata/-/gcp-metadata-8.1.2.tgz. Extracting by manifest.
311 silly tarball no local data for google-logging-utils@https://registry.npmjs.org/google-logging-utils/-/google-logging-utils-1.1.3.tgz. Extracting by manifest.
312 silly tarball no local data for ecdsa-sig-formatter@https://registry.npmjs.org/ecdsa-sig-formatter/-/ecdsa-sig-formatter-1.0.11.tgz. Extracting by manifest.
313 silly tarball no local data for gaxios@https://registry.npmjs.org/gaxios/-/gaxios-7.1.5.tgz. Extracting by manifest.
314 silly tarball no local data for base64-js@https://registry.npmjs.org/base64-js/-/base64-js-1.5.1.tgz. Extracting by manifest.
315 silly tarball no local data for protobufjs@https://registry.npmjs.org/protobufjs/-/protobufjs-7.6.2.tgz. Extracting by manifest.
316 silly tarball no local data for ws@https://registry.npmjs.org/ws/-/ws-8.21.0.tgz. Extracting by manifest.
317 silly tarball no local data for p-retry@https://registry.npmjs.org/p-retry/-/p-retry-4.6.2.tgz. Extracting by manifest.
318 silly tarball no local data for google-auth-library@https://registry.npmjs.org/google-auth-library/-/google-auth-library-10.7.0.tgz. Extracting by manifest.
319 silly tarball no local data for @google/genai@https://registry.npmjs.org/@google/genai/-/genai-2.8.0.tgz. Extracting by manifest.
320 silly tarball no local data for picomatch@https://registry.npmjs.org/picomatch/-/picomatch-4.0.4.tgz. Extracting by manifest.
321 silly tarball no local data for picomatch@https://registry.npmjs.org/picomatch/-/picomatch-2.3.2.tgz. Extracting by manifest.
322 http fetch POST 200 https://registry.npmjs.org/-/npm/v1/security/advisories/bulk 282ms
323 silly audit report {
323 silly audit report   postcss: [
323 silly audit report     {
323 silly audit report       id: 1117015,
323 silly audit report       url: 'https://github.com/advisories/GHSA-qx2v-qp2m-jg93',
323 silly audit report       title: 'PostCSS has XSS via Unescaped </style> in its CSS Stringify Output',
323 silly audit report       severity: 'moderate',
323 silly audit report       vulnerable_versions: '<8.5.10',
323 silly audit report       cwe: [Array],
323 silly audit report       cvss: [Object]
323 silly audit report     }
323 silly audit report   ]
323 silly audit report }
324 silly packumentCache corgi:https://registry.npmjs.org/postcss cache-miss
325 http fetch GET 200 https://registry.npmjs.org/@protobufjs/pool/-/pool-1.1.0.tgz 238ms (cache miss)
326 http fetch GET 200 https://registry.npmjs.org/formdata-polyfill/-/formdata-polyfill-4.0.10.tgz 529ms (cache miss)
327 http fetch GET 200 https://registry.npmjs.org/@protobufjs/path/-/path-1.1.2.tgz 553ms (cache miss)
328 http fetch GET 200 https://registry.npmjs.org/fetch-blob/-/fetch-blob-3.2.0.tgz 549ms (cache miss)
329 http fetch GET 200 https://registry.npmjs.org/@protobufjs/utf8/-/utf8-1.1.1.tgz 587ms (cache miss)
330 http fetch GET 200 https://registry.npmjs.org/@protobufjs/eventemitter/-/eventemitter-1.1.1.tgz 584ms (cache miss)
331 http fetch GET 200 https://registry.npmjs.org/data-uri-to-buffer/-/data-uri-to-buffer-4.0.1.tgz 569ms (cache miss)
332 http fetch GET 200 https://registry.npmjs.org/@protobufjs/codegen/-/codegen-2.0.5.tgz 604ms (cache miss)
333 http fetch GET 200 https://registry.npmjs.org/@protobufjs/float/-/float-1.0.2.tgz 613ms (cache miss)
334 http fetch GET 200 https://registry.npmjs.org/@protobufjs/aspromise/-/aspromise-1.1.2.tgz 618ms (cache miss)
335 http fetch GET 200 https://registry.npmjs.org/@protobufjs/base64/-/base64-1.1.2.tgz 624ms (cache miss)
336 http fetch GET 200 https://registry.npmjs.org/agent-base/-/agent-base-7.1.4.tgz 604ms (cache miss)
337 http fetch GET 200 https://registry.npmjs.org/@protobufjs/fetch/-/fetch-1.1.1.tgz 625ms (cache miss)
338 http fetch GET 200 https://registry.npmjs.org/jwa/-/jwa-2.0.1.tgz 617ms (cache miss)
339 http fetch GET 200 https://registry.npmjs.org/buffer-equal-constant-time/-/buffer-equal-constant-time-1.0.1.tgz 617ms (cache miss)
340 http fetch GET 200 https://registry.npmjs.org/ecdsa-sig-formatter/-/ecdsa-sig-formatter-1.0.11.tgz 609ms (cache miss)
341 http fetch GET 200 https://registry.npmjs.org/p-retry/-/p-retry-4.6.2.tgz 608ms (cache miss)
342 http fetch GET 200 https://registry.npmjs.org/@protobufjs/inquire/-/inquire-1.1.2.tgz 680ms (cache miss)
343 http fetch GET 200 https://registry.npmjs.org/base64-js/-/base64-js-1.5.1.tgz 644ms (cache miss)
344 http fetch GET 200 https://registry.npmjs.org/extend/-/extend-3.0.2.tgz 654ms (cache miss)
345 http fetch GET 200 https://registry.npmjs.org/@types/retry/-/retry-0.12.0.tgz 674ms (cache miss)
346 http fetch GET 200 https://registry.npmjs.org/safe-buffer/-/safe-buffer-5.2.1.tgz 686ms (cache miss)
347 http fetch GET 200 https://registry.npmjs.org/retry/-/retry-0.13.1.tgz 709ms (cache miss)
348 http fetch GET 200 https://registry.npmjs.org/json-bigint/-/json-bigint-1.0.0.tgz 694ms (cache miss)
349 http fetch GET 200 https://registry.npmjs.org/jws/-/jws-4.0.1.tgz 705ms (cache miss)
350 http fetch GET 200 https://registry.npmjs.org/long/-/long-5.3.2.tgz 778ms (cache miss)
351 http fetch GET 200 https://registry.npmjs.org/picomatch/-/picomatch-2.3.2.tgz 766ms (cache miss)
352 http fetch GET 200 https://registry.npmjs.org/picomatch/-/picomatch-4.0.4.tgz 772ms (cache miss)
353 http fetch GET 200 https://registry.npmjs.org/https-proxy-agent/-/https-proxy-agent-7.0.6.tgz 793ms (cache miss)
354 http fetch GET 200 https://registry.npmjs.org/gcp-metadata/-/gcp-metadata-8.1.2.tgz 788ms (cache miss)
355 http fetch GET 200 https://registry.npmjs.org/google-logging-utils/-/google-logging-utils-1.1.3.tgz 792ms (cache miss)
356 http fetch GET 200 https://registry.npmjs.org/bignumber.js/-/bignumber.js-9.3.1.tgz 807ms (cache miss)
357 http fetch GET 200 https://registry.npmjs.org/postcss 632ms (cache miss)
358 silly packumentCache corgi:https://registry.npmjs.org/postcss set size:undefined disposed:false
359 http fetch GET 200 https://registry.npmjs.org/ws/-/ws-8.21.0.tgz 875ms (cache miss)
360 http fetch GET 200 https://registry.npmjs.org/node-fetch/-/node-fetch-3.3.2.tgz 890ms (cache miss)
361 silly packumentCache corgi:https://registry.npmjs.org/next cache-miss
362 http fetch GET 200 https://registry.npmjs.org/node-domexception/-/node-domexception-1.0.0.tgz 930ms (cache miss)
363 warn deprecated node-domexception@1.0.0: Use your platform's native DOMException instead
364 http fetch GET 200 https://registry.npmjs.org/protobufjs/-/protobufjs-7.6.2.tgz 1385ms (cache miss)
365 http fetch GET 200 https://registry.npmjs.org/gaxios/-/gaxios-7.1.5.tgz 1466ms (cache miss)
366 http fetch GET 200 https://registry.npmjs.org/google-auth-library/-/google-auth-library-10.7.0.tgz 1504ms (cache miss)
367 http fetch GET 200 https://registry.npmjs.org/web-streams-polyfill/-/web-streams-polyfill-3.3.3.tgz 1533ms (cache miss)
368 http fetch GET 200 https://registry.npmjs.org/@google/genai/-/genai-2.8.0.tgz 1654ms (cache miss)
369 info run @google/genai@2.8.0 preinstall node_modules/@google/genai echo 'preinstall: no-op'
370 info run @google/genai@2.8.0 preinstall { code: 0, signal: null }
371 info run protobufjs@7.6.2 postinstall node_modules/protobufjs node scripts/postinstall
372 http fetch GET 200 https://registry.npmjs.org/next 1092ms (cache miss)
373 silly packumentCache corgi:https://registry.npmjs.org/next set size:undefined disposed:false
374 info run protobufjs@7.6.2 postinstall { code: 0, signal: null }
375 silly ADD node_modules/long
376 silly ADD node_modules/@protobufjs/utf8
377 silly ADD node_modules/@protobufjs/pool
378 silly ADD node_modules/@protobufjs/path
379 silly ADD node_modules/@protobufjs/inquire
380 silly ADD node_modules/@protobufjs/float
381 silly ADD node_modules/@protobufjs/fetch
382 silly ADD node_modules/@protobufjs/eventemitter
383 silly ADD node_modules/@protobufjs/codegen
384 silly ADD node_modules/@protobufjs/base64
385 silly ADD node_modules/@protobufjs/aspromise
386 silly ADD node_modules/retry
387 silly ADD node_modules/@types/retry
388 silly ADD node_modules/web-streams-polyfill
389 silly ADD node_modules/node-domexception
390 silly ADD node_modules/formdata-polyfill
391 silly ADD node_modules/fetch-blob
392 silly ADD node_modules/data-uri-to-buffer
393 silly ADD node_modules/buffer-equal-constant-time
394 silly ADD node_modules/jwa
395 silly ADD node_modules/bignumber.js
396 silly ADD node_modules/agent-base
397 silly ADD node_modules/json-bigint
398 silly ADD node_modules/node-fetch
399 silly ADD node_modules/https-proxy-agent
400 silly ADD node_modules/extend
401 silly ADD node_modules/safe-buffer
402 silly ADD node_modules/jws
403 silly ADD node_modules/google-logging-utils
404 silly ADD node_modules/gcp-metadata
405 silly ADD node_modules/gaxios
406 silly ADD node_modules/ecdsa-sig-formatter
407 silly ADD node_modules/base64-js
408 silly ADD node_modules/ws
409 silly ADD node_modules/protobufjs
410 silly ADD node_modules/p-retry
411 silly ADD node_modules/google-auth-library
412 silly ADD node_modules/@google/genai
413 silly REMOVE node_modules/tinyglobby/node_modules/picomatch
414 silly CHANGE node_modules/picomatch
415 silly ADD node_modules/micromatch/node_modules/picomatch
416 silly REMOVE node_modules/@emnapi/wasi-threads
417 silly REMOVE node_modules/@emnapi/runtime
418 silly REMOVE node_modules/@emnapi/core
419 verbose cwd /Users/kiamarulmont/antigravity/kodo-solutions-web
420 verbose os Darwin 24.6.0
421 verbose node v24.11.1
422 verbose npm  v11.6.2
423 notice
423 notice New minor version of npm available! 11.6.2 -> 11.16.0
423 notice Changelog: https://github.com/npm/cli/releases/tag/v11.16.0
423 notice To update run: npm install -g npm@11.16.0
423 notice  { force: true, Symbol(proc-log.meta): true }
424 verbose exit 0
425 info ok
